data\validation\fake\0001 (12218).jpg	0	no_face
data\validation\fake\0001 (13041).jpg	0	no_face
data\validation\fake\0001 (13272).jpg	0	no_face
data\validation\fake\0001 (15072).jpg	0	no_face
data\validation\fake\0001 (18149).jpg	0	no_face
data\validation\fake\0001 (19356).jpg	0	no_face
data\validation\fake\0001 (22145).jpg	0	no_face
data\validation\fake\0001 (22380).jpg	0	no_face
data\validation\fake\0001 (2300).jpg	0	no_face
data\validation\fake\0001 (24575).jpg	0	no_face
data\validation\fake\0001 (26825).jpg	0	no_face
data\validation\fake\0001 (28401).jpg	0	no_face
data\validation\fake\0001 (5956).jpg	0	no_face
data\validation\fake\0001 (8577).jpg	0	no_face
data\validation\fake\fake_10605.jpg	0	no_face
data\validation\fake\fake_10621.jpg	0	no_face
data\validation\fake\fake_10623.jpg	0	no_face
data\validation\fake\fake_10625.jpg	0	no_face
data\validation\fake\fake_10633.jpg	0	no_face
data\validation\fake\fake_10660.jpg	0	no_face
data\validation\fake\fake_10671.jpg	0	no_face
data\validation\fake\fake_10819.jpg	0	no_face
data\validation\fake\fake_10992.jpg	0	no_face
data\validation\fake\fake_11007.jpg	0	no_face
data\validation\fake\fake_11038.jpg	0	no_face
data\validation\fake\fake_11173.jpg	0	no_face
data\validation\fake\fake_11184.jpg	0	no_face
data\validation\fake\fake_11222.jpg	0	no_face
data\validation\fake\fake_11259.jpg	0	no_face
data\validation\fake\fake_11270.jpg	0	no_face
data\validation\fake\fake_11288.jpg	0	no_face
data\validation\fake\fake_11359.jpg	0	no_face
data\validation\fake\fake_11360.jpg	0	no_face
data\validation\fake\fake_11436.jpg	0	no_face
data\validation\fake\fake_11576.jpg	0	no_face
data\validation\fake\fake_11584.jpg	0	no_face
data\validation\fake\fake_11610.jpg	0	no_face
data\validation\fake\fake_11681.jpg	0	no_face
data\validation\fake\fake_11702.jpg	0	no_face
data\validation\fake\fake_11794.jpg	0	no_face
data\validation\fake\fake_12163.jpg	0	no_face
data\validation\fake\fake_12182.jpg	0	no_face
data\validation\fake\fake_12190.jpg	0	no_face
data\validation\fake\fake_12194.jpg	0	no_face
data\validation\fake\fake_12198.jpg	0	no_face
data\validation\fake\fake_12199.jpg	0	no_face
data\validation\fake\fake_12201.jpg	0	no_face
data\validation\fake\fake_12202.jpg	0	no_face
data\validation\fake\fake_12203.jpg	0	no_face
data\validation\fake\fake_12204.jpg	0	no_face
data\validation\fake\fake_12205.jpg	0	no_face
data\validation\fake\fake_12225.jpg	0	no_face
data\validation\fake\fake_12251.jpg	0	no_face
data\validation\fake\fake_12293.jpg	0	no_face
data\validation\fake\fake_12294.jpg	0	no_face
data\validation\fake\fake_12296.jpg	0	no_face
data\validation\fake\fake_12297.jpg	0	no_face
data\validation\fake\fake_12300.jpg	0	no_face
data\validation\fake\fake_12307.jpg	0	no_face
data\validation\fake\fake_12321.jpg	0	no_face
data\validation\fake\fake_12334.jpg	0	no_face
data\validation\fake\fake_12335.jpg	0	no_face
data\validation\fake\fake_12336.jpg	0	no_face
data\validation\fake\fake_12346.jpg	0	no_face
data\validation\fake\fake_12352.jpg	0	no_face
data\validation\fake\fake_12354.jpg	0	no_face
data\validation\fake\fake_12365.jpg	0	no_face
data\validation\fake\fake_12367.jpg	0	no_face
data\validation\fake\fake_12375.jpg	0	no_face
data\validation\fake\fake_12405.jpg	0	no_face
data\validation\fake\fake_12408.jpg	0	no_face
data\validation\fake\fake_12412.jpg	0	no_face
data\validation\fake\fake_12431.jpg	0	no_face
data\validation\fake\fake_12448.jpg	0	no_face
data\validation\fake\fake_12465.jpg	0	no_face
data\validation\fake\fake_12489.jpg	0	no_face
data\validation\fake\fake_12511.jpg	0	no_face
data\validation\fake\fake_12521.jpg	0	no_face
data\validation\fake\fake_12522.jpg	0	no_face
data\validation\fake\fake_12535.jpg	0	no_face
data\validation\fake\fake_12544.jpg	0	no_face
data\validation\fake\fake_12546.jpg	0	no_face
data\validation\fake\fake_12552.jpg	0	no_face
data\validation\fake\fake_12625.jpg	0	no_face
data\validation\fake\fake_12633.jpg	0	no_face
data\validation\fake\fake_12656.jpg	0	no_face
data\validation\fake\fake_12657.jpg	0	no_face
data\validation\fake\fake_12666.jpg	0	no_face
data\validation\fake\fake_12674.jpg	0	no_face
data\validation\fake\fake_12684.jpg	0	no_face
data\validation\fake\fake_12694.jpg	0	no_face
data\validation\fake\fake_12700.jpg	0	no_face
data\validation\fake\fake_12710.jpg	0	no_face
data\validation\fake\fake_12712.jpg	0	no_face
data\validation\fake\fake_12713.jpg	0	no_face
data\validation\fake\fake_12756.jpg	0	no_face
data\validation\fake\fake_12766.jpg	0	no_face
data\validation\fake\fake_12767.jpg	0	no_face
data\validation\fake\fake_12769.jpg	0	no_face
data\validation\fake\fake_12774.jpg	0	no_face
data\validation\fake\fake_12778.jpg	0	no_face
data\validation\fake\fake_12794.jpg	0	no_face
data\validation\fake\fake_12811.jpg	0	no_face
data\validation\fake\fake_12816.jpg	0	no_face
data\validation\fake\fake_12849.jpg	0	no_face
data\validation\fake\fake_12850.jpg	0	no_face
data\validation\fake\fake_12864.jpg	0	no_face
data\validation\fake\fake_12880.jpg	0	no_face
data\validation\fake\fake_12906.jpg	0	no_face
data\validation\fake\fake_12913.jpg	0	no_face
data\validation\fake\fake_12914.jpg	0	no_face
data\validation\fake\fake_12928.jpg	0	no_face
data\validation\fake\fake_12954.jpg	0	no_face
data\validation\fake\fake_12971.jpg	0	no_face
data\validation\fake\fake_13002.jpg	0	no_face
data\validation\fake\fake_13030.jpg	0	no_face
data\validation\fake\fake_13031.jpg	0	no_face
data\validation\fake\fake_13032.jpg	0	no_face
data\validation\fake\fake_13033.jpg	0	no_face
data\validation\fake\fake_13056.jpg	0	no_face
data\validation\fake\fake_13066.jpg	0	no_face
data\validation\fake\fake_13074.jpg	0	no_face
data\validation\fake\fake_13089.jpg	0	no_face
data\validation\fake\fake_13103.jpg	0	no_face
data\validation\fake\fake_13108.jpg	0	no_face
data\validation\fake\fake_13135.jpg	0	no_face
data\validation\fake\fake_13136.jpg	0	no_face
data\validation\fake\fake_13138.jpg	0	no_face
data\validation\fake\fake_13146.jpg	0	no_face
data\validation\fake\fake_13157.jpg	0	no_face
data\validation\fake\fake_13158.jpg	0	no_face
data\validation\fake\fake_13161.jpg	0	no_face
data\validation\fake\fake_13162.jpg	0	no_face
data\validation\fake\fake_13176.jpg	0	no_face
data\validation\fake\fake_13179.jpg	0	no_face
data\validation\fake\fake_13232.jpg	0	no_face
data\validation\fake\fake_13239.jpg	0	no_face
data\validation\fake\fake_13257.jpg	0	no_face
data\validation\fake\fake_13279.jpg	0	no_face
data\validation\fake\fake_13306.jpg	0	no_face
data\validation\fake\fake_13308.jpg	0	no_face
data\validation\fake\fake_13316.jpg	0	no_face
data\validation\fake\fake_13343.jpg	0	no_face
data\validation\fake\fake_13351.jpg	0	no_face
data\validation\fake\fake_13362.jpg	0	no_face
data\validation\fake\fake_13371.jpg	0	no_face
data\validation\fake\fake_13386.jpg	0	no_face
data\validation\fake\fake_13404.jpg	0	no_face
data\validation\fake\fake_13429.jpg	0	no_face
data\validation\fake\fake_13490.jpg	0	no_face
data\validation\fake\fake_13491.jpg	0	no_face
data\validation\fake\fake_13492.jpg	0	no_face
data\validation\fake\fake_13497.jpg	0	no_face
data\validation\fake\fake_13498.jpg	0	no_face
data\validation\fake\fake_13513.jpg	0	no_face
data\validation\fake\fake_13516.jpg	0	no_face
data\validation\fake\fake_13564.jpg	0	no_face
data\validation\fake\fake_13576.jpg	0	no_face
data\validation\fake\fake_13577.jpg	0	no_face
data\validation\fake\fake_13588.jpg	0	no_face
data\validation\fake\fake_13594.jpg	0	no_face
data\validation\fake\fake_13595.jpg	0	no_face
data\validation\fake\fake_13596.jpg	0	no_face
data\validation\fake\fake_13599.jpg	0	no_face
data\validation\fake\fake_13602.jpg	0	no_face
data\validation\fake\fake_13603.jpg	0	no_face
data\validation\fake\fake_13612.jpg	0	no_face
data\validation\fake\fake_13628.jpg	0	no_face
data\validation\fake\fake_13640.jpg	0	no_face
data\validation\fake\fake_13641.jpg	0	no_face
data\validation\fake\fake_13655.jpg	0	no_face
data\validation\fake\fake_13675.jpg	0	no_face
data\validation\fake\fake_13678.jpg	0	no_face
data\validation\fake\fake_13701.jpg	0	no_face
data\validation\fake\fake_13702.jpg	0	no_face
data\validation\fake\fake_13721.jpg	0	no_face
data\validation\fake\fake_13724.jpg	0	no_face
data\validation\fake\fake_13725.jpg	0	no_face
data\validation\fake\fake_13747.jpg	0	no_face
data\validation\fake\fake_13757.jpg	0	no_face
data\validation\fake\fake_13774.jpg	0	no_face
data\validation\fake\fake_13793.jpg	0	no_face
data\validation\fake\fake_13803.jpg	0	no_face
data\validation\fake\fake_13822.jpg	0	no_face
data\validation\fake\fake_13830.jpg	0	no_face
data\validation\fake\fake_13832.jpg	0	no_face
data\validation\fake\fake_13839.jpg	0	no_face
data\validation\fake\fake_13840.jpg	0	no_face
data\validation\fake\fake_13851.jpg	0	no_face
data\validation\fake\fake_13869.jpg	0	no_face
data\validation\fake\fake_13871.jpg	0	no_face
data\validation\fake\fake_13907.jpg	0	no_face
data\validation\fake\fake_13926.jpg	0	no_face
data\validation\fake\fake_13941.jpg	0	no_face
data\validation\fake\fake_13992.jpg	0	no_face
data\validation\fake\fake_13996.jpg	0	no_face
data\validation\fake\fake_14005.jpg	0	no_face
data\validation\fake\fake_14026.jpg	0	no_face
data\validation\fake\fake_14038.jpg	0	no_face
data\validation\fake\fake_14069.jpg	0	no_face
data\validation\fake\fake_14079.jpg	0	no_face
data\validation\fake\fake_14081.jpg	0	no_face
data\validation\fake\fake_14082.jpg	0	no_face
data\validation\fake\fake_14114.jpg	0	no_face
data\validation\fake\fake_14126.jpg	0	no_face
data\validation\fake\fake_14135.jpg	0	no_face
data\validation\fake\fake_14136.jpg	0	no_face
data\validation\fake\fake_14145.jpg	0	no_face
data\validation\fake\fake_14157.jpg	0	no_face
data\validation\fake\fake_14191.jpg	0	no_face
data\validation\fake\fake_14199.jpg	0	no_face
data\validation\fake\fake_14210.jpg	0	no_face
data\validation\fake\fake_14215.jpg	0	no_face
data\validation\fake\fake_14269.jpg	0	no_face
data\validation\fake\fake_14283.jpg	0	no_face
data\validation\fake\fake_14284.jpg	0	no_face
data\validation\fake\fake_14285.jpg	0	no_face
data\validation\fake\fake_14290.jpg	0	no_face
data\validation\fake\fake_14329.jpg	0	no_face
data\validation\fake\fake_14331.jpg	0	no_face
data\validation\fake\fake_14353.jpg	0	no_face
data\validation\fake\fake_14354.jpg	0	no_face
data\validation\fake\fake_14355.jpg	0	no_face
data\validation\fake\fake_14388.jpg	0	no_face
data\validation\fake\fake_14390.jpg	0	no_face
data\validation\fake\fake_14399.jpg	0	no_face
data\validation\fake\fake_14440.jpg	0	no_face
data\validation\fake\fake_14472.jpg	0	no_face
data\validation\fake\fake_14490.jpg	0	no_face
data\validation\fake\fake_14493.jpg	0	no_face
data\validation\fake\fake_14504.jpg	0	no_face
data\validation\fake\fake_14505.jpg	0	no_face
data\validation\fake\fake_14561.jpg	0	no_face
data\validation\fake\fake_14566.jpg	0	no_face
data\validation\fake\fake_14657.jpg	0	no_face
data\validation\fake\fake_14659.jpg	0	no_face
data\validation\fake\fake_14664.jpg	0	no_face
data\validation\fake\fake_14674.jpg	0	no_face
data\validation\fake\fake_14678.jpg	0	no_face
data\validation\fake\fake_14748.jpg	0	no_face
data\validation\fake\fake_14787.jpg	0	no_face
data\validation\fake\fake_14788.jpg	0	no_face
data\validation\fake\fake_14794.jpg	0	no_face
data\validation\fake\fake_14795.jpg	0	no_face
data\validation\fake\fake_14812.jpg	0	no_face
data\validation\fake\fake_14822.jpg	0	no_face
data\validation\fake\fake_14850.jpg	0	no_face
data\validation\fake\fake_14874.jpg	0	no_face
data\validation\fake\fake_14877.jpg	0	no_face
data\validation\fake\fake_14878.jpg	0	no_face
data\validation\fake\fake_14879.jpg	0	no_face
data\validation\fake\fake_14982.jpg	0	no_face
data\validation\fake\fake_14989.jpg	0	no_face
data\validation\fake\fake_15007.jpg	0	no_face
data\validation\fake\fake_15031.jpg	0	no_face
data\validation\fake\fake_15036.jpg	0	no_face
data\validation\fake\fake_15037.jpg	0	no_face
data\validation\fake\fake_15046.jpg	0	no_face
data\validation\fake\fake_15051.jpg	0	no_face
data\validation\fake\fake_15054.jpg	0	no_face
data\validation\fake\fake_15116.jpg	0	no_face
data\validation\fake\fake_15117.jpg	0	no_face
data\validation\fake\fake_15118.jpg	0	no_face
data\validation\fake\fake_15126.jpg	0	no_face
data\validation\fake\fake_15160.jpg	0	no_face
data\validation\fake\fake_15161.jpg	0	no_face
data\validation\fake\fake_15164.jpg	0	no_face
data\validation\fake\fake_15165.jpg	0	no_face
data\validation\fake\fake_15212.jpg	0	no_face
data\validation\fake\fake_15214.jpg	0	no_face
data\validation\fake\fake_15229.jpg	0	no_face
data\validation\fake\fake_15230.jpg	0	no_face
data\validation\fake\fake_15231.jpg	0	no_face
data\validation\fake\fake_15244.jpg	0	no_face
data\validation\fake\fake_15291.jpg	0	no_face
data\validation\fake\fake_15292.jpg	0	no_face
data\validation\fake\fake_15305.jpg	0	no_face
data\validation\fake\fake_15307.jpg	0	no_face
data\validation\fake\fake_15318.jpg	0	no_face
data\validation\fake\fake_15352.jpg	0	no_face
data\validation\fake\fake_15383.jpg	0	no_face
data\validation\fake\fake_15384.jpg	0	no_face
data\validation\fake\fake_15391.jpg	0	no_face
data\validation\fake\fake_15444.jpg	0	no_face
data\validation\fake\fake_15450.jpg	0	no_face
data\validation\fake\fake_15456.jpg	0	no_face
data\validation\fake\fake_15479.jpg	0	no_face
data\validation\fake\fake_15506.jpg	0	no_face
data\validation\fake\fake_15526.jpg	0	no_face
data\validation\fake\fake_15573.jpg	0	no_face
data\validation\fake\fake_15594.jpg	0	no_face
data\validation\fake\fake_15628.jpg	0	no_face
data\validation\fake\fake_15674.jpg	0	no_face
data\validation\fake\fake_15699.jpg	0	no_face
data\validation\fake\fake_15722.jpg	0	no_face
data\validation\fake\fake_15729.jpg	0	no_face
data\validation\fake\fake_15730.jpg	0	no_face
data\validation\fake\fake_15754.jpg	0	no_face
data\validation\fake\fake_15779.jpg	0	no_face
data\validation\fake\fake_15792.jpg	0	no_face
data\validation\fake\fake_15812.jpg	0	no_face
data\validation\fake\fake_15821.jpg	0	no_face
data\validation\fake\fake_15860.jpg	0	no_face
data\validation\fake\fake_15862.jpg	0	no_face
data\validation\fake\fake_15895.jpg	0	no_face
data\validation\fake\fake_15916.jpg	0	no_face
data\validation\fake\fake_15917.jpg	0	no_face
data\validation\fake\fake_15937.jpg	0	no_face
data\validation\fake\fake_15965.jpg	0	no_face
data\validation\fake\fake_15975.jpg	0	no_face
data\validation\fake\fake_15980.jpg	0	no_face
data\validation\fake\fake_15981.jpg	0	no_face
data\validation\fake\fake_15982.jpg	0	no_face
data\validation\fake\fake_15983.jpg	0	no_face
data\validation\fake\fake_15984.jpg	0	no_face
data\validation\fake\fake_16014.jpg	0	no_face
data\validation\fake\fake_16015.jpg	0	no_face
data\validation\fake\fake_16061.jpg	0	no_face
data\validation\fake\fake_16081.jpg	0	no_face
data\validation\fake\fake_16084.jpg	0	no_face
data\validation\fake\fake_16098.jpg	0	no_face
data\validation\fake\fake_16143.jpg	0	no_face
data\validation\fake\fake_16145.jpg	0	no_face
data\validation\fake\fake_16179.jpg	0	no_face
data\validation\fake\fake_16225.jpg	0	no_face
data\validation\fake\fake_16241.jpg	0	no_face
data\validation\fake\fake_16254.jpg	0	no_face
data\validation\fake\fake_16255.jpg	0	no_face
data\validation\fake\fake_16262.jpg	0	no_face
data\validation\fake\fake_16273.jpg	0	no_face
data\validation\fake\fake_16274.jpg	0	no_face
data\validation\fake\fake_16275.jpg	0	no_face
data\validation\fake\fake_16290.jpg	0	no_face
data\validation\fake\fake_16291.jpg	0	no_face
data\validation\fake\fake_16296.jpg	0	no_face
data\validation\fake\fake_16334.jpg	0	no_face
data\validation\fake\fake_16335.jpg	0	no_face
data\validation\fake\fake_16338.jpg	0	no_face
data\validation\fake\fake_16339.jpg	0	no_face
data\validation\fake\fake_16340.jpg	0	no_face
data\validation\fake\fake_16380.jpg	0	no_face
data\validation\fake\fake_16400.jpg	0	no_face
data\validation\fake\fake_16412.jpg	0	no_face
data\validation\fake\fake_16422.jpg	0	no_face
data\validation\fake\fake_16487.jpg	0	no_face
data\validation\fake\fake_16518.jpg	0	no_face
data\validation\fake\fake_16519.jpg	0	no_face
data\validation\fake\fake_16537.jpg	0	no_face
data\validation\fake\fake_16558.jpg	0	no_face
data\validation\fake\fake_16595.jpg	0	no_face
data\validation\fake\fake_16608.jpg	0	no_face
data\validation\fake\fake_16654.jpg	0	no_face
data\validation\fake\fake_16657.jpg	0	no_face
data\validation\fake\fake_16663.jpg	0	no_face
data\validation\fake\fake_16664.jpg	0	no_face
data\validation\fake\fake_16687.jpg	0	no_face
data\validation\fake\fake_16688.jpg	0	no_face
data\validation\fake\fake_16698.jpg	0	no_face
data\validation\fake\fake_16699.jpg	0	no_face
data\validation\fake\fake_16709.jpg	0	no_face
data\validation\fake\fake_16730.jpg	0	no_face
data\validation\fake\fake_16753.jpg	0	no_face
data\validation\fake\fake_16759.jpg	0	no_face
data\validation\fake\fake_16771.jpg	0	no_face
data\validation\fake\fake_16775.jpg	0	no_face
data\validation\fake\fake_16781.jpg	0	no_face
data\validation\fake\fake_16803.jpg	0	no_face
data\validation\fake\fake_16825.jpg	0	no_face
data\validation\fake\fake_16826.jpg	0	no_face
data\validation\fake\fake_16861.jpg	0	no_face
data\validation\fake\fake_16876.jpg	0	no_face
data\validation\fake\fake_16912.jpg	0	no_face
data\validation\fake\fake_16922.jpg	0	no_face
data\validation\fake\fake_16930.jpg	0	no_face
data\validation\fake\fake_16952.jpg	0	no_face
data\validation\fake\fake_16953.jpg	0	no_face
data\validation\fake\fake_16971.jpg	0	no_face
data\validation\fake\fake_16978.jpg	0	no_face
data\validation\fake\fake_16981.jpg	0	no_face
data\validation\fake\fake_16992.jpg	0	no_face
data\validation\fake\fake_17000.jpg	0	no_face
data\validation\fake\fake_17059.jpg	0	no_face
data\validation\fake\fake_17076.jpg	0	no_face
data\validation\fake\fake_17080.jpg	0	no_face
data\validation\fake\fake_17081.jpg	0	no_face
data\validation\fake\fake_17082.jpg	0	no_face
data\validation\fake\fake_17090.jpg	0	no_face
data\validation\fake\fake_17105.jpg	0	no_face
data\validation\fake\fake_17111.jpg	0	no_face
data\validation\fake\fake_17122.jpg	0	no_face
data\validation\fake\fake_17123.jpg	0	no_face
data\validation\fake\fake_17133.jpg	0	no_face
data\validation\fake\fake_17135.jpg	0	no_face
data\validation\fake\fake_17147.jpg	0	no_face
data\validation\fake\fake_17152.jpg	0	no_face
data\validation\fake\fake_17159.jpg	0	no_face
data\validation\fake\fake_17171.jpg	0	no_face
data\validation\fake\fake_17172.jpg	0	no_face
data\validation\fake\fake_17175.jpg	0	no_face
data\validation\fake\fake_17183.jpg	0	no_face
data\validation\fake\fake_17187.jpg	0	no_face
data\validation\fake\fake_17188.jpg	0	no_face
data\validation\fake\fake_17191.jpg	0	no_face
data\validation\fake\fake_17192.jpg	0	no_face
data\validation\fake\fake_17212.jpg	0	no_face
data\validation\fake\fake_17225.jpg	0	no_face
data\validation\fake\fake_17226.jpg	0	no_face
data\validation\fake\fake_17227.jpg	0	no_face
data\validation\fake\fake_17238.jpg	0	no_face
data\validation\fake\fake_17255.jpg	0	no_face
data\validation\fake\fake_17264.jpg	0	no_face
data\validation\fake\fake_17268.jpg	0	no_face
data\validation\fake\fake_17270.jpg	0	no_face
data\validation\fake\fake_17275.jpg	0	no_face
data\validation\fake\fake_17278.jpg	0	no_face
data\validation\fake\fake_17279.jpg	0	no_face
data\validation\fake\fake_17286.jpg	0	no_face
data\validation\fake\fake_17311.jpg	0	no_face
data\validation\fake\fake_17314.jpg	0	no_face
data\validation\fake\fake_17322.jpg	0	no_face
data\validation\fake\fake_17323.jpg	0	no_face
data\validation\fake\fake_17324.jpg	0	no_face
data\validation\fake\fake_17325.jpg	0	no_face
data\validation\fake\fake_17329.jpg	0	no_face
data\validation\fake\fake_17337.jpg	0	no_face
data\validation\fake\fake_17340.jpg	0	no_face
data\validation\fake\fake_17356.jpg	0	no_face
data\validation\fake\fake_17359.jpg	0	no_face
data\validation\fake\fake_1736.jpg	0	no_face
data\validation\fake\fake_17366.jpg	0	no_face
data\validation\fake\fake_17371.jpg	0	no_face
data\validation\fake\fake_17372.jpg	0	no_face
data\validation\fake\fake_17398.jpg	0	no_face
data\validation\fake\fake_17406.jpg	0	no_face
data\validation\fake\fake_17414.jpg	0	no_face
data\validation\fake\fake_17418.jpg	0	no_face
data\validation\fake\fake_17429.jpg	0	no_face
data\validation\fake\fake_17432.jpg	0	no_face
data\validation\fake\fake_17440.jpg	0	no_face
data\validation\fake\fake_17443.jpg	0	no_face
data\validation\fake\fake_17444.jpg	0	no_face
data\validation\fake\fake_17473.jpg	0	no_face
data\validation\fake\fake_17474.jpg	0	no_face
data\validation\fake\fake_17485.jpg	0	no_face
data\validation\fake\fake_17493.jpg	0	no_face
data\validation\fake\fake_17496.jpg	0	no_face
data\validation\fake\fake_17503.jpg	0	no_face
data\validation\fake\fake_17520.jpg	0	no_face
data\validation\fake\fake_17521.jpg	0	no_face
data\validation\fake\fake_17528.jpg	0	no_face
data\validation\fake\fake_17530.jpg	0	no_face
data\validation\fake\fake_17532.jpg	0	no_face
data\validation\fake\fake_17551.jpg	0	no_face
data\validation\fake\fake_17553.jpg	0	no_face
data\validation\fake\fake_17560.jpg	0	no_face
data\validation\fake\fake_17564.jpg	0	no_face
data\validation\fake\fake_17565.jpg	0	no_face
data\validation\fake\fake_17566.jpg	0	no_face
data\validation\fake\fake_17569.jpg	0	no_face
data\validation\fake\fake_17570.jpg	0	no_face
data\validation\fake\fake_17589.jpg	0	no_face
data\validation\fake\fake_17609.jpg	0	no_face
data\validation\fake\fake_17617.jpg	0	no_face
data\validation\fake\fake_17630.jpg	0	no_face
data\validation\fake\fake_17658.jpg	0	no_face
data\validation\fake\fake_17673.jpg	0	no_face
data\validation\fake\fake_17685.jpg	0	no_face
data\validation\fake\fake_17694.jpg	0	no_face
data\validation\fake\fake_17708.jpg	0	no_face
data\validation\fake\fake_17720.jpg	0	no_face
data\validation\fake\fake_17736.jpg	0	no_face
data\validation\fake\fake_17755.jpg	0	no_face
data\validation\fake\fake_17767.jpg	0	no_face
data\validation\fake\fake_17769.jpg	0	no_face
data\validation\fake\fake_17770.jpg	0	no_face
data\validation\fake\fake_17797.jpg	0	no_face
data\validation\fake\fake_17804.jpg	0	no_face
data\validation\fake\fake_17811.jpg	0	no_face
data\validation\fake\fake_17813.jpg	0	no_face
data\validation\fake\fake_17822.jpg	0	no_face
data\validation\fake\fake_17825.jpg	0	no_face
data\validation\fake\fake_17830.jpg	0	no_face
data\validation\fake\fake_17840.jpg	0	no_face
data\validation\fake\fake_17870.jpg	0	no_face
data\validation\fake\fake_17871.jpg	0	no_face
data\validation\fake\fake_17888.jpg	0	no_face
data\validation\fake\fake_17890.jpg	0	no_face
data\validation\fake\fake_17900.jpg	0	no_face
data\validation\fake\fake_17944.jpg	0	no_face
data\validation\fake\fake_17948.jpg	0	no_face
data\validation\fake\fake_17949.jpg	0	no_face
data\validation\fake\fake_17989.jpg	0	no_face
data\validation\fake\fake_18016.jpg	0	no_face
data\validation\fake\fake_18017.jpg	0	no_face
data\validation\fake\fake_18055.jpg	0	no_face
data\validation\fake\fake_18070.jpg	0	no_face
data\validation\fake\fake_18078.jpg	0	no_face
data\validation\fake\fake_18084.jpg	0	no_face
data\validation\fake\fake_18089.jpg	0	no_face
data\validation\fake\fake_18093.jpg	0	no_face
data\validation\fake\fake_18095.jpg	0	no_face
data\validation\fake\fake_18106.jpg	0	no_face
data\validation\fake\fake_18107.jpg	0	no_face
data\validation\fake\fake_18108.jpg	0	no_face
data\validation\fake\fake_18155.jpg	0	no_face
data\validation\fake\fake_18156.jpg	0	no_face
data\validation\fake\fake_18177.jpg	0	no_face
data\validation\fake\fake_18180.jpg	0	no_face
data\validation\fake\fake_18181.jpg	0	no_face
data\validation\fake\fake_18184.jpg	0	no_face
data\validation\fake\fake_18204.jpg	0	no_face
data\validation\fake\fake_18205.jpg	0	no_face
data\validation\fake\fake_18216.jpg	0	no_face
data\validation\fake\fake_18222.jpg	0	no_face
data\validation\fake\fake_18231.jpg	0	no_face
data\validation\fake\fake_18232.jpg	0	no_face
data\validation\fake\fake_18242.jpg	0	no_face
data\validation\fake\fake_18243.jpg	0	no_face
data\validation\fake\fake_18264.jpg	0	no_face
data\validation\fake\fake_18305.jpg	0	no_face
data\validation\fake\fake_18308.jpg	0	no_face
data\validation\fake\fake_18313.jpg	0	no_face
data\validation\fake\fake_18314.jpg	0	no_face
data\validation\fake\fake_18315.jpg	0	no_face
data\validation\fake\fake_18325.jpg	0	no_face
data\validation\fake\fake_18326.jpg	0	no_face
data\validation\fake\fake_18337.jpg	0	no_face
data\validation\fake\fake_18341.jpg	0	no_face
data\validation\fake\fake_18343.jpg	0	no_face
data\validation\fake\fake_18348.jpg	0	no_face
data\validation\fake\fake_18356.jpg	0	no_face
data\validation\fake\fake_18361.jpg	0	no_face
data\validation\fake\fake_18365.jpg	0	no_face
data\validation\fake\fake_18376.jpg	0	no_face
data\validation\fake\fake_18377.jpg	0	no_face
data\validation\fake\fake_18378.jpg	0	no_face
data\validation\fake\fake_18393.jpg	0	no_face
data\validation\fake\fake_18394.jpg	0	no_face
data\validation\fake\fake_18429.jpg	0	no_face
data\validation\fake\fake_18431.jpg	0	no_face
data\validation\fake\fake_18437.jpg	0	no_face
data\validation\fake\fake_18452.jpg	0	no_face
data\validation\fake\fake_18453.jpg	0	no_face
data\validation\fake\fake_18474.jpg	0	no_face
data\validation\fake\fake_18506.jpg	0	no_face
data\validation\fake\fake_18525.jpg	0	no_face
data\validation\fake\fake_18526.jpg	0	no_face
data\validation\fake\fake_18529.jpg	0	no_face
data\validation\fake\fake_18530.jpg	0	no_face
data\validation\fake\fake_18533.jpg	0	no_face
data\validation\fake\fake_18535.jpg	0	no_face
data\validation\fake\fake_18537.jpg	0	no_face
data\validation\fake\fake_18556.jpg	0	no_face
data\validation\fake\fake_18559.jpg	0	no_face
data\validation\fake\fake_18561.jpg	0	no_face
data\validation\fake\fake_18571.jpg	0	no_face
data\validation\fake\fake_18572.jpg	0	no_face
data\validation\fake\fake_18573.jpg	0	no_face
data\validation\fake\fake_18574.jpg	0	no_face
data\validation\fake\fake_18578.jpg	0	no_face
data\validation\fake\fake_18591.jpg	0	no_face
data\validation\fake\fake_18592.jpg	0	no_face
data\validation\fake\fake_18619.jpg	0	no_face
data\validation\fake\fake_18656.jpg	0	no_face
data\validation\fake\fake_18672.jpg	0	no_face
data\validation\fake\fake_18674.jpg	0	no_face
data\validation\fake\fake_18675.jpg	0	no_face
data\validation\fake\fake_18696.jpg	0	no_face
data\validation\fake\fake_18697.jpg	0	no_face
data\validation\fake\fake_18698.jpg	0	no_face
data\validation\fake\fake_18699.jpg	0	no_face
data\validation\fake\fake_18700.jpg	0	no_face
data\validation\fake\fake_18714.jpg	0	no_face
data\validation\fake\fake_18716.jpg	0	no_face
data\validation\fake\fake_18717.jpg	0	no_face
data\validation\fake\fake_18746.jpg	0	no_face
data\validation\fake\fake_18755.jpg	0	no_face
data\validation\fake\fake_18756.jpg	0	no_face
data\validation\fake\fake_18764.jpg	0	no_face
data\validation\fake\fake_18765.jpg	0	no_face
data\validation\fake\fake_18773.jpg	0	no_face
data\validation\fake\fake_18780.jpg	0	no_face
data\validation\fake\fake_18788.jpg	0	no_face
data\validation\fake\fake_18797.jpg	0	no_face
data\validation\fake\fake_18803.jpg	0	no_face
data\validation\fake\fake_18808.jpg	0	no_face
data\validation\fake\fake_18809.jpg	0	no_face
data\validation\fake\fake_18810.jpg	0	no_face
data\validation\fake\fake_18811.jpg	0	no_face
data\validation\fake\fake_18816.jpg	0	no_face
data\validation\fake\fake_18817.jpg	0	no_face
data\validation\fake\fake_18834.jpg	0	no_face
data\validation\fake\fake_18835.jpg	0	no_face
data\validation\fake\fake_18836.jpg	0	no_face
data\validation\fake\fake_18837.jpg	0	no_face
data\validation\fake\fake_18842.jpg	0	no_face
data\validation\fake\fake_18851.jpg	0	no_face
data\validation\fake\fake_18852.jpg	0	no_face
data\validation\fake\fake_18870.jpg	0	no_face
data\validation\fake\fake_18871.jpg	0	no_face
data\validation\fake\fake_18872.jpg	0	no_face
data\validation\fake\fake_18883.jpg	0	no_face
data\validation\fake\fake_18884.jpg	0	no_face
data\validation\fake\fake_18899.jpg	0	no_face
data\validation\fake\fake_18900.jpg	0	no_face
data\validation\fake\fake_18902.jpg	0	no_face
data\validation\fake\fake_18903.jpg	0	no_face
data\validation\fake\fake_18908.jpg	0	no_face
data\validation\fake\fake_18926.jpg	0	no_face
data\validation\fake\fake_18935.jpg	0	no_face
data\validation\fake\fake_18945.jpg	0	no_face
data\validation\fake\fake_18951.jpg	0	no_face
data\validation\fake\fake_18952.jpg	0	no_face
data\validation\fake\fake_18966.jpg	0	no_face
data\validation\fake\fake_18967.jpg	0	no_face
data\validation\fake\fake_18968.jpg	0	no_face
data\validation\fake\fake_18970.jpg	0	no_face
data\validation\fake\fake_18980.jpg	0	no_face
data\validation\fake\fake_18985.jpg	0	no_face
data\validation\fake\fake_18986.jpg	0	no_face
data\validation\fake\fake_19011.jpg	0	no_face
data\validation\fake\fake_19028.jpg	0	no_face
data\validation\fake\fake_19040.jpg	0	no_face
data\validation\fake\fake_19047.jpg	0	no_face
data\validation\fake\fake_19062.jpg	0	no_face
data\validation\fake\fake_19064.jpg	0	no_face
data\validation\fake\fake_19075.jpg	0	no_face
data\validation\fake\fake_19089.jpg	0	no_face
data\validation\fake\fake_19098.jpg	0	no_face
data\validation\fake\fake_19102.jpg	0	no_face
data\validation\fake\fake_19103.jpg	0	no_face
data\validation\fake\fake_19112.jpg	0	no_face
data\validation\fake\fake_19149.jpg	0	no_face
data\validation\fake\fake_19150.jpg	0	no_face
data\validation\fake\fake_19152.jpg	0	no_face
data\validation\fake\fake_19153.jpg	0	no_face
data\validation\fake\fake_19165.jpg	0	no_face
data\validation\fake\fake_19166.jpg	0	no_face
data\validation\fake\fake_19167.jpg	0	no_face
data\validation\fake\fake_19173.jpg	0	no_face
data\validation\fake\fake_19186.jpg	0	no_face
data\validation\fake\fake_19190.jpg	0	no_face
data\validation\fake\fake_19191.jpg	0	no_face
data\validation\fake\fake_19196.jpg	0	no_face
data\validation\fake\fake_19197.jpg	0	no_face
data\validation\fake\fake_19201.jpg	0	no_face
data\validation\fake\fake_19223.jpg	0	no_face
data\validation\fake\fake_19236.jpg	0	no_face
data\validation\fake\fake_19243.jpg	0	no_face
data\validation\fake\fake_19257.jpg	0	no_face
data\validation\fake\fake_19268.jpg	0	no_face
data\validation\fake\fake_19277.jpg	0	no_face
data\validation\fake\fake_19279.jpg	0	no_face
data\validation\fake\fake_19289.jpg	0	no_face
data\validation\fake\fake_19299.jpg	0	no_face
data\validation\fake\fake_19300.jpg	0	no_face
data\validation\fake\fake_19308.jpg	0	no_face
data\validation\fake\fake_19318.jpg	0	no_face
data\validation\fake\fake_19337.jpg	0	no_face
data\validation\fake\fake_19346.jpg	0	no_face
data\validation\fake\fake_19347.jpg	0	no_face
data\validation\fake\fake_19348.jpg	0	no_face
data\validation\fake\fake_19364.jpg	0	no_face
data\validation\fake\fake_19365.jpg	0	no_face
data\validation\fake\fake_19366.jpg	0	no_face
data\validation\fake\fake_19406.jpg	0	no_face
data\validation\fake\fake_19418.jpg	0	no_face
data\validation\fake\fake_19421.jpg	0	no_face
data\validation\fake\fake_19429.jpg	0	no_face
data\validation\fake\fake_19454.jpg	0	no_face
data\validation\fake\fake_19455.jpg	0	no_face
data\validation\fake\fake_19456.jpg	0	no_face
data\validation\fake\fake_19457.jpg	0	no_face
data\validation\fake\fake_19459.jpg	0	no_face
data\validation\fake\fake_19464.jpg	0	no_face
data\validation\fake\fake_19492.jpg	0	no_face
data\validation\fake\fake_19505.jpg	0	no_face
data\validation\fake\fake_19516.jpg	0	no_face
data\validation\fake\fake_19517.jpg	0	no_face
data\validation\fake\fake_19518.jpg	0	no_face
data\validation\fake\fake_19524.jpg	0	no_face
data\validation\fake\fake_19525.jpg	0	no_face
data\validation\fake\fake_19603.jpg	0	no_face
data\validation\fake\fake_19607.jpg	0	no_face
data\validation\fake\fake_19609.jpg	0	no_face
data\validation\fake\fake_2031.jpg	0	no_face
data\validation\fake\fake_2767.jpg	0	no_face
data\validation\fake\fake_4185.jpg	0	no_face
data\validation\fake\fake_4744.jpg	0	no_face
data\validation\fake\fake_4830.jpg	0	no_face
data\validation\fake\fake_5474.jpg	0	no_face
data\validation\fake\fake_609.jpg	0	no_face
data\validation\fake\fake_6356.jpg	0	no_face
data\validation\fake\fake_6856.jpg	0	no_face
data\validation\fake\fake_6900.jpg	0	no_face
data\validation\fake\fake_7040.jpg	0	no_face
data\validation\fake\fake_7203.jpg	0	no_face
data\validation\fake\fake_7239.jpg	0	no_face
data\validation\fake\fake_7716.jpg	0	no_face
data\validation\fake\fake_8778.jpg	0	no_face
data\validation\fake\fake_8783.jpg	0	no_face
data\validation\fake\fake_8919.jpg	0	no_face
data\validation\fake\fake_8921.jpg	0	no_face
data\validation\fake\fake_9829.jpg	0	no_face
data\validation\real\0001 (25722).png	1	no_face
data\validation\real\child-1711.png	1	no_face
data\validation\real\face_233.jpg	1	no_face
data\validation\real\face_404.jpg	1	no_face
data\validation\real\non-child-1034.png	1	no_face
data\validation\real\non-child-1102.png	1	no_face
data\validation\real\non-child-1158.png	1	no_face
data\validation\real\non-child-1233.png	1	no_face
data\validation\real\real_10094.jpg	1	no_face
data\validation\real\real_10103.jpg	1	no_face
data\validation\real\real_10150.jpg	1	no_face
data\validation\real\real_10157.jpg	1	no_face
data\validation\real\real_10192.jpg	1	no_face
data\validation\real\real_10218.jpg	1	no_face
data\validation\real\real_10234.jpg	1	no_face
data\validation\real\real_10263.jpg	1	no_face
data\validation\real\real_10278.jpg	1	no_face
data\validation\real\real_10287.jpg	1	no_face
data\validation\real\real_10352.jpg	1	no_face
data\validation\real\real_10354.jpg	1	no_face
data\validation\real\real_10356.jpg	1	no_face
data\validation\real\real_10357.jpg	1	no_face
data\validation\real\real_10363.jpg	1	no_face
data\validation\real\real_10372.jpg	1	no_face
data\validation\real\real_10374.jpg	1	no_face
data\validation\real\real_10471.jpg	1	no_face
data\validation\real\real_10546.jpg	1	no_face
data\validation\real\real_10548.jpg	1	no_face
data\validation\real\real_10661.jpg	1	no_face
data\validation\real\real_10672.jpg	1	no_face
data\validation\real\real_10713.jpg	1	no_face
data\validation\real\real_10736.jpg	1	no_face
data\validation\real\real_10849.jpg	1	no_face
data\validation\real\real_10861.jpg	1	no_face
data\validation\real\real_10878.jpg	1	no_face
data\validation\real\real_10903.jpg	1	no_face
data\validation\real\real_10910.jpg	1	no_face
data\validation\real\real_10962.jpg	1	no_face
data\validation\real\real_11061.jpg	1	no_face
data\validation\real\real_11090.jpg	1	no_face
data\validation\real\real_11103.jpg	1	no_face
data\validation\real\real_11238.jpg	1	no_face
data\validation\real\real_11248.jpg	1	no_face
data\validation\real\real_11284.jpg	1	no_face
data\validation\real\real_11356.jpg	1	no_face
data\validation\real\real_11361.jpg	1	no_face
data\validation\real\real_11371.jpg	1	no_face
data\validation\real\real_11501.jpg	1	no_face
data\validation\real\real_11768.jpg	1	no_face
data\validation\real\real_11791.jpg	1	no_face
data\validation\real\real_11801.jpg	1	no_face
data\validation\real\real_11832.jpg	1	no_face
data\validation\real\real_11970.jpg	1	no_face
data\validation\real\real_12017.jpg	1	no_face
data\validation\real\real_12048.jpg	1	no_face
data\validation\real\real_12074.jpg	1	no_face
data\validation\real\real_12087.jpg	1	no_face
data\validation\real\real_12236.jpg	1	no_face
data\validation\real\real_12250.jpg	1	no_face
data\validation\real\real_12268.jpg	1	no_face
data\validation\real\real_12597.jpg	1	no_face
data\validation\real\real_12715.jpg	1	no_face
data\validation\real\real_12732.jpg	1	no_face
data\validation\real\real_12850.jpg	1	no_face
data\validation\real\real_12853.jpg	1	no_face
data\validation\real\real_12856.jpg	1	no_face
data\validation\real\real_13028.jpg	1	no_face
data\validation\real\real_13151.jpg	1	no_face
data\validation\real\real_13205.jpg	1	no_face
data\validation\real\real_13216.jpg	1	no_face
data\validation\real\real_13265.jpg	1	no_face
data\validation\real\real_13273.jpg	1	no_face
data\validation\real\real_13381.jpg	1	no_face
data\validation\real\real_13446.jpg	1	no_face
data\validation\real\real_13550.jpg	1	no_face
data\validation\real\real_13551.jpg	1	no_face
data\validation\real\real_13629.jpg	1	no_face
data\validation\real\real_13630.jpg	1	no_face
data\validation\real\real_13687.jpg	1	no_face
data\validation\real\real_13727.jpg	1	no_face
data\validation\real\real_13769.jpg	1	no_face
data\validation\real\real_13900.jpg	1	no_face
data\validation\real\real_14097.jpg	1	no_face
data\validation\real\real_14135.jpg	1	no_face
data\validation\real\real_14157.jpg	1	no_face
data\validation\real\real_14583.jpg	1	no_face
data\validation\real\real_14621.jpg	1	no_face
data\validation\real\real_14678.jpg	1	no_face
data\validation\real\real_14679.jpg	1	no_face
data\validation\real\real_14748.jpg	1	no_face
data\validation\real\real_14892.jpg	1	no_face
data\validation\real\real_14948.jpg	1	no_face
data\validation\real\real_15028.jpg	1	no_face
data\validation\real\real_15123.jpg	1	no_face
data\validation\real\real_15199.jpg	1	no_face
data\validation\real\real_15210.jpg	1	no_face
data\validation\real\real_15214.jpg	1	no_face
data\validation\real\real_15252.jpg	1	no_face
data\validation\real\real_15253.jpg	1	no_face
data\validation\real\real_15320.jpg	1	no_face
data\validation\real\real_15369.jpg	1	no_face
data\validation\real\real_15387.jpg	1	no_face
data\validation\real\real_15390.jpg	1	no_face
data\validation\real\real_15401.jpg	1	no_face
data\validation\real\real_15402.jpg	1	no_face
data\validation\real\real_15404.jpg	1	no_face
data\validation\real\real_15414.jpg	1	no_face
data\validation\real\real_15458.jpg	1	no_face
data\validation\real\real_15482.jpg	1	no_face
data\validation\real\real_15549.jpg	1	no_face
data\validation\real\real_15824.jpg	1	no_face
data\validation\real\real_15884.jpg	1	no_face
data\validation\real\real_15945.jpg	1	no_face
data\validation\real\real_15947.jpg	1	no_face
data\validation\real\real_16011.jpg	1	no_face
data\validation\real\real_16071.jpg	1	no_face
data\validation\real\real_16264.jpg	1	no_face
data\validation\real\real_16265.jpg	1	no_face
data\validation\real\real_16308.jpg	1	no_face
data\validation\real\real_16416.jpg	1	no_face
data\validation\real\real_16420.jpg	1	no_face
data\validation\real\real_16422.jpg	1	no_face
data\validation\real\real_16424.jpg	1	no_face
data\validation\real\real_16607.jpg	1	no_face
data\validation\real\real_16747.jpg	1	no_face
data\validation\real\real_16820.jpg	1	no_face
data\validation\real\real_16898.jpg	1	no_face
data\validation\real\real_16899.jpg	1	no_face
data\validation\real\real_16947.jpg	1	no_face
data\validation\real\real_16949.jpg	1	no_face
data\validation\real\real_17038.jpg	1	no_face
data\validation\real\real_17042.jpg	1	no_face
data\validation\real\real_17043.jpg	1	no_face
data\validation\real\real_17111.jpg	1	no_face
data\validation\real\real_17153.jpg	1	no_face
data\validation\real\real_17168.jpg	1	no_face
data\validation\real\real_17186.jpg	1	no_face
data\validation\real\real_17298.jpg	1	no_face
data\validation\real\real_17518.jpg	1	no_face
data\validation\real\real_17599.jpg	1	no_face
data\validation\real\real_17661.jpg	1	no_face
data\validation\real\real_17749.jpg	1	no_face
data\validation\real\real_17822.jpg	1	no_face
data\validation\real\real_17840.jpg	1	no_face
data\validation\real\real_17947.jpg	1	no_face
data\validation\real\real_18006.jpg	1	no_face
data\validation\real\real_18041.jpg	1	no_face
data\validation\real\real_18160.jpg	1	no_face
data\validation\real\real_18161.jpg	1	no_face
data\validation\real\real_18162.jpg	1	no_face
data\validation\real\real_18165.jpg	1	no_face
data\validation\real\real_18366.jpg	1	no_face
data\validation\real\real_18549.jpg	1	no_face
data\validation\real\real_18640.jpg	1	no_face
data\validation\real\real_18789.jpg	1	no_face
data\validation\real\real_18814.jpg	1	no_face
data\validation\real\real_18917.jpg	1	no_face
data\validation\real\real_18953.jpg	1	no_face
data\validation\real\real_1897.jpg	1	no_face
data\validation\real\real_18998.jpg	1	no_face
data\validation\real\real_19110.jpg	1	no_face
data\validation\real\real_19248.jpg	1	no_face
data\validation\real\real_1939.jpg	1	no_face
data\validation\real\real_19423.jpg	1	no_face
data\validation\real\real_19472.jpg	1	no_face
data\validation\real\real_19701.jpg	1	no_face
data\validation\real\real_19786.jpg	1	no_face
data\validation\real\real_2004.jpg	1	no_face
data\validation\real\real_2084.jpg	1	no_face
data\validation\real\real_2239.jpg	1	no_face
data\validation\real\real_2369.jpg	1	no_face
data\validation\real\real_2526.jpg	1	no_face
data\validation\real\real_2677.jpg	1	no_face
data\validation\real\real_2983.jpg	1	no_face
data\validation\real\real_3484.jpg	1	no_face
data\validation\real\real_4067.jpg	1	no_face
data\validation\real\real_4188.jpg	1	no_face
data\validation\real\real_4220.jpg	1	no_face
data\validation\real\real_4259.jpg	1	no_face
data\validation\real\real_4272.jpg	1	no_face
data\validation\real\real_4479.jpg	1	no_face
data\validation\real\real_4735.jpg	1	no_face
data\validation\real\real_4737.jpg	1	no_face
data\validation\real\real_4739.jpg	1	no_face
data\validation\real\real_4758.jpg	1	no_face
data\validation\real\real_4808.jpg	1	no_face
data\validation\real\real_4820.jpg	1	no_face
data\validation\real\real_4846.jpg	1	no_face
data\validation\real\real_4895.jpg	1	no_face
data\validation\real\real_5052.jpg	1	no_face
data\validation\real\real_5053.jpg	1	no_face
data\validation\real\real_5072.jpg	1	no_face
data\validation\real\real_5110.jpg	1	no_face
data\validation\real\real_5141.jpg	1	no_face
data\validation\real\real_5201.jpg	1	no_face
data\validation\real\real_5320.jpg	1	no_face
data\validation\real\real_5407.jpg	1	no_face
data\validation\real\real_5412.jpg	1	no_face
data\validation\real\real_5419.jpg	1	no_face
data\validation\real\real_5434.jpg	1	no_face
data\validation\real\real_5447.jpg	1	no_face
data\validation\real\real_5452.jpg	1	no_face
data\validation\real\real_5455.jpg	1	no_face
data\validation\real\real_5805.jpg	1	no_face
data\validation\real\real_5810.jpg	1	no_face
data\validation\real\real_5818.jpg	1	no_face
data\validation\real\real_5992.jpg	1	no_face
data\validation\real\real_6044.jpg	1	no_face
data\validation\real\real_6131.jpg	1	no_face
data\validation\real\real_6142.jpg	1	no_face
data\validation\real\real_6222.jpg	1	no_face
data\validation\real\real_6604.jpg	1	no_face
data\validation\real\real_6656.jpg	1	no_face
data\validation\real\real_6832.jpg	1	no_face
data\validation\real\real_6833.jpg	1	no_face
data\validation\real\real_6863.jpg	1	no_face
data\validation\real\real_6871.jpg	1	no_face
data\validation\real\real_7035.jpg	1	no_face
data\validation\real\real_7085.jpg	1	no_face
data\validation\real\real_7247.jpg	1	no_face
data\validation\real\real_7287.jpg	1	no_face
data\validation\real\real_7288.jpg	1	no_face
data\validation\real\real_7339.jpg	1	no_face
data\validation\real\real_7370.jpg	1	no_face
data\validation\real\real_7604.jpg	1	no_face
data\validation\real\real_7735.jpg	1	no_face
data\validation\real\real_7749.jpg	1	no_face
data\validation\real\real_7840.jpg	1	no_face
data\validation\real\real_8117.jpg	1	no_face
data\validation\real\real_8233.jpg	1	no_face
data\validation\real\real_8305.jpg	1	no_face
data\validation\real\real_8314.jpg	1	no_face
data\validation\real\real_8326.jpg	1	no_face
data\validation\real\real_8372.jpg	1	no_face
data\validation\real\real_8510.jpg	1	no_face
data\validation\real\real_8550.jpg	1	no_face
data\validation\real\real_8551.jpg	1	no_face
data\validation\real\real_8612.jpg	1	no_face
data\validation\real\real_8744.jpg	1	no_face
data\validation\real\real_8779.jpg	1	no_face
data\validation\real\real_8801.jpg	1	no_face
data\validation\real\real_8807.jpg	1	no_face
data\validation\real\real_8843.jpg	1	no_face
data\validation\real\real_8884.jpg	1	no_face
data\validation\real\real_8995.jpg	1	no_face
data\validation\real\real_9015.jpg	1	no_face
data\validation\real\real_9035.jpg	1	no_face
data\validation\real\real_9081.jpg	1	no_face
data\validation\real\real_9140.jpg	1	no_face
data\validation\real\real_9223.jpg	1	no_face
data\validation\real\real_9365.jpg	1	no_face
data\validation\real\real_9370.jpg	1	no_face
data\validation\real\real_9455.jpg	1	no_face
data\validation\real\real_9517.jpg	1	no_face
data\validation\real\real_9520.jpg	1	no_face
data\validation\real\real_9575.jpg	1	no_face
data\validation\real\real_9578.jpg	1	no_face
data\validation\real\real_9658.jpg	1	no_face
data\validation\real\real_9664.jpg	1	no_face
data\validation\real\real_9675.jpg	1	no_face
data\validation\real\real_9714.jpg	1	no_face
data\validation\real\real_9718.jpg	1	no_face
data\validation\real\real_9726.jpg	1	no_face
data\validation\real\real_9728.jpg	1	no_face
data\validation\real\real_9731.jpg	1	no_face
data\validation\real\real_9858.jpg	1	no_face
data\validation\real\real_9939.jpg	1	no_face
data\validation\real\real_9990.jpg	1	no_face
